03-16-2026 20:30:46.514,-,AT," ,0013A2004198F8D5,802.15.4 TH PRO,2003,COM9 - 115200/8/N/1/N,1,45"

03-16-2026 20:30:46.540,245,RECV,AA0551056300000001BBAA0083080000000000000000BBAA0064050000000001BB
03-16-2026 20:30:47.561,246,RECV,AA0083080000000000000000BBAA0081080000000000000000BBAA0083080000000000000000BBAA008508BEDA7ABD7FF3C7BDBBAA0087080000000000000000BBAA00
03-16-2026 20:30:47.561,247,RECV,9708FFFFC74200000000BBAA0064050000000001BBAA0083080000000000000000BB
03-16-2026 20:30:47.561,248,RECV,AA0083080000000000000000BBAA0551056300000001BBAA0083080000000000000000BBAA0064050000000001BB
03-16-2026 20:30:47.561,249,RECV,AA0083080000000000000000BB
03-16-2026 20:30:47.561,250,RECV,AA0081080000000000000000BBAA0083080000000000000000BBAA008508FF5284BDFFFBD0BDBBAA0087080000000000000000BBAA009708FFFFC74200000000BBAA0064050000000001BBAA0083080000000000000000BB
03-16-2026 20:30:47.561,251,RECV,AA0083080000000000000000BBAA0551056300000001BBAA0083080000000000000000BBAA006405
03-16-2026 20:30:47.561,252,RECV,0000000001BBAA0083080000000000000000BB
03-16-2026 20:30:47.561,253,RECV,AA0081080000000000000000BBAA0083080000000000000000BBAA008508BE5D7ABD5F51D5BDBBAA0087080000000000000000BBAA009708FFFFC74200000000BBAA0064050000000001BBAA0083080000000000000000BB
03-16-2026 20:30:47.561,254,RECV,AA0083080000000000000000BBAA0551056300000001BBAA0083080000000000000000BBAA00
03-16-2026 20:30:47.561,255,RECV,64050000000001BBAA0083080000000000000000BB
03-16-2026 20:30:47.561,256,RECV,AA0081080000000000000000BBAA0083080000000000000000BBAA008508BFE079BD7FB7D1BDBBAA0087080000000000000000BBAA0551056300000001BBAA009708FFFFC74200000000BBAA0064050000000001BBAA0083080000000000000000BB
03-16-2026 20:30:47.572,257,RECV,AA0083080000000000000000BBAA0551056300000001BB
03-16-2026 20:30:47.572,258,RECV,AA0083080000000001BB0000BBAA0083080000000000000000BB
03-16-2026 20:30:47.572,259,RECV,AA00800803400000ED05CC00BBAA0082082503544100000000BBAA00840800000000000000BDBBAA0086080000000000000000BBAA0088080008BB3C25D66F41BBAA0551056300004028D9AA008C08B4BCCA4100000000BBAA008E083B98153D00000000BBAA0064050000000001BB
03-16-2026 20:30:47.572,260,RECV,AA0083080000000000000000BBAA0083080000000000000000BB
03-16-2026 20:30:47.572,261,RECV,AA0551056300000001BBAA006405000000000100AA0083080000000000000000BB
03-16-2026 20:30:47.572,262,RECV,AA0081080000000000000000BBAA0083080000000000000000BBAA008508FFE780BDFF96CCBDBBAA0087080000000000000000BBAA0551056300000001BBAA009708FFFFC74200000000BBAA0064050000000001BB
03-16-2026 20:30:47.572,263,RECV,AA0083080000000000000000BBAA0083080000000000000000BB
03-16-2026 20:30:47.572,264,RECV,AA0551056300000001BBAA0064050000000001BBAA0083080000000000000000BB
03-16-2026 20:30:47.572,265,RECV,AA0083080000000000000000BBAA0081080000000000000000BBAA008308000000
03-16-2026 20:30:47.572,266,RECV,0000000000BBAA008508FE7C7ABD7F4CCEBDBBAA0087080000000000000000BBAA0551056300000001BBAA009708FFFFC74200000000BBAA0064050000000001BBAA0083080000000000000000BBAA0083080000000000000000BB
03-16-2026 20:30:47.572,267,RECV,AA0551056300000001BBAA0064050000000001BBAA0083080000000000000000BB
03-16-2026 20:30:47.572,268,RECV,AA0083080000000000000000BBAA0081080000000000000000BBAA0083080000000000000000BBAA008508BFBC82BD1F4AD1BDBBAA00870800
03-16-2026 20:30:47.572,269,RECV,00000000000000BBAA0551056300000001BBAA009708FFFFC74200000000BBAA0064050000000001BBAA0083080000000000000000BB
03-16-2026 20:30:47.572,270,RECV,AA0083080000000000000000BBAA0551056300000001BBAA0064050000000001BBAA0083080000000000000000BB
03-16-2026 20:30:47.572,271,RECV,AA0083080000000000000000BB
03-16-2026 20:30:47.572,272,RECV,AA0081080000000000000000BBAA0083080000000000000000BBAA008508FE7C7ABD7F58CCBDBBAA0087080000000000000000BBAA055105630000420000AA0064050000000001BBAA0083080000000000000000BB
03-16-2026 20:30:47.572,273,RECV,AA0083080000000000000000BBAA0551056300000001BBAA0064050000000001BB
03-16-2026 20:30:47.572,274,RECV,AA0083080000000000000000BBAA0083080000000000000000BB
03-16-2026 20:30:47.572,275,RECV,AA0064050000000001BBAA0083080000000000000000BB
03-16-2026 20:30:47.572,276,RECV,AA0083080000000000000000BB
03-16-2026 20:30:47.572,277,RECV,AA0551056300000001BBAA0064050000000001BBAA0083080000000000000000BBAA0083080000000000000000BB
03-16-2026 20:30:47.635,278,RECV,AA0081080000000000000000BBAA0083080000000000000000BBAA008508FE6A7DBD1FE5CCBDBBAA0087080000000000000000BBAA009708FFFFC74200000000BBAA0551056300000001BBAA0064050000000001BBAA0083080000000000000000BB
03-16-2026 20:30:48.511,279,RECV,AA0083080000000000000000BB
03-16-2026 20:30:48.511,280,RECV,AA0551056300000001BBAA0064050000000001BBAA0083080000000000000000BBAA0083080000000000000000BB
03-16-2026 20:30:48.511,281,RECV,AA009708FFFFC74200000000BBAA0064050000000001BB
03-16-2026 20:30:48.511,282,RECV,AA0083080000000000000000BBAA0083080000000000000000BB
03-16-2026 20:30:48.511,283,RECV,AA0064050000000001BBAA0551056300000001BBAA0083080000000000000000BBAA0083080000000000000000BB
03-16-2026 20:30:48.511,284,RECV,AA0081080000000000000000BBAA0083080000000000000000BBAA0085083E7E7FBD9FFFD2BDBBAA0087080000000000000000BBAA009708FFFFC74200000000BBAA0064050000000001BBAA0551056300
03-16-2026 20:30:48.511,285,RECV,000001BBAA0083080000000000000000BBAA0083080000000000000000BB
03-16-2026 20:30:48.511,286,RECV,AA0064050000000001BBAA0551056300000001BBAA0083080000000000000000BB
03-16-2026 20:30:48.511,287,RECV,AA0083080000000000000000BB
03-16-2026 20:30:48.511,288,RECV,AA0081080000000000000000BBAA0083080000000000000000BBAA0085087E207FBD7F4CCEBDBBAA0087080000000000000000BBAA009708FFFFC74200000000BBAA0551056300000001BBAA0083080000000000000000BB
03-16-2026 20:30:48.511,289,RECV,AA0083080000000000000000BBAA0064050000000001BBAA0551056300000001BBAA0083080000000000000000BB
03-16-2026 20:30:48.511,290,RECV,AA0083080000000000000000BB
03-16-2026 20:30:48.511,291,RECV,AA00800803400000ED05CC2FBBAA00820869FD534100000000BBAA0084080000000000000000BBAA0086080000000000000000BBAA008808406CBC3CD5D86F41BBAA008B0840089C4028D9B841BBAA008D08F305B74400000000BBAA006405FFFFC7420000AA0551056300000001BBAA0083080000000000000000BB
03-16-2026 20:30:48.528,292,RECV,AA0083080000000000000000BBAA0064050000000001BBAA0551056300000001BBAA0083080000000000000000BB
03-16-2026 20:30:49.502,293,RECV,AA0083080000000000000000BB
03-16-2026 20:30:49.502,294,RECV,AA0081080000000000000000BBAA0083080000000000000000BBAA0085083FA279BD3F2DCEBDBBAA0087080000000000000000BBAA0064050000000001BBAA009708FFFFC74200000000BBAA0551056300000001BBAA0083080000000000000000BB
03-16-2026 20:30:49.502,295,RECV,AA0083080000000000000000BBAA0064050000000001BBAA0551056300000001BBAA008308000000
03-16-2026 20:30:49.502,296,RECV,0000000000BBAA0083080000000000000000BB
03-16-2026 20:30:49.502,297,RECV,AA0081080000000000000000BBAA0083080000000000000000BBAA008508BE4B7DBD3F45CABDBBAA0087080000000000000000BBAA0064050000000001BBAA009708FFFFC74200000000BBAA0551056300000001BBAA0083080000000000000000BB
03-16-2026 20:30:49.502,298,RECV,AA0083080000000000000000BBAA0064050000000001BBAA0551056300000001BBAA00830800000000
03-16-2026 20:30:49.502,299,RECV,00000000BBAA0083080000000000000000BB
03-16-2026 20:30:49.502,300,RECV,AA0081080000000000000000BBAA0083080000000000000000BBAA0085083E1F7ABDBF71CDBDBBAA0087080000000000000000BBAA0064050000000001BBAA009708FFFFC74200000000BBAA0551056300000001BBAA0083080000000000000000BB
03-16-2026 20:30:49.502,301,RECV,AA0083080000000000000000BBAA0064050000000001BB
03-16-2026 20:30:49.502,302,RECV,AA0083080000000000000000BBAA0083080000000000000000BB
03-16-2026 20:30:49.502,303,RECV,AA0081080000000000000000BBAA0083080000000000000000BBAA008508BEBC7FBDFF84CFBDBBAA0087080000000000000000BBAA0064050000000001BBAA009708FFFFC74200000000BBAA0551056300000001BB
03-16-2026 20:30:49.502,304,RECV,AA0083080000000000000000BBAA0083080000000000000000BB
03-16-2026 20:30:49.502,305,RECV,AA0064050000000001BBAA0083080000000000000000BBAA0083080000000000000000BB
03-16-2026 20:30:49.502,306,RECV,AA00800803400000ED05CC2FBBAA008208B210544100000000BBAA0084080000000000000000BBAA0086080000000000000000BBAA008808403EBD3C21D96F41BBAA0064050000004028D9AA008C08B4BCCA4100000000BBAA008E083B98153D00000000BBAA0551056300000001BBAA0083080000000000000000BBAA0083080000000000000000BB
03-16-2026 20:30:49.544,307,RECV,AA0064050000000001BBAA0083080000000000000000BBAA0551056300000001BB
03-16-2026 20:30:50.452,308,RECV,AA0083080000000000000000BB
03-16-2026 20:30:50.452,309,RECV,AA0081080000000000000000BBAA0083080000000000000000BBAA0085083E1F7ABD5F04CDBDBBAA0087080000000000000000BBAA0064050000000001BBAA009708FFFFC74200000000BBAA0551056300000001BBAA0083080000000000000000BB
03-16-2026 20:30:50.452,310,RECV,AA0083080000000000000000BBAA0064050000000001BBAA0083080000000000000000BBAA0551056300000001BB
03-16-2026 20:30:50.452,311,RECV,AA0083080000000000000000BB
03-16-2026 20:30:50.452,312,RECV,AA0081080000000000000000BBAA0083080000000000000000BBAA0085087F4A78BD9F35CABDBBAA0087080000000000000000BBAA009708FFFFC74200000000BBAA0551056300000001BBAA0083080000000000000000BB
03-16-2026 20:30:50.452,313,RECV,AA0083080000000000000000BBAA0064050000000001BBAA0083080000000000000000BBAA0551056300000001BB
03-16-2026 20:30:50.452,314,RECV,AA0083080000000000000000BB
03-16-2026 20:30:50.452,315,RECV,AA0081080000000000000000BBAA0083080000000000000000BBAA008508FFFF79BD9FACCBBDBBAA006405000000000000AA009708FFFFC74200000000BBAA0551056300000001BBAA0083080000000000000000BB
03-16-2026 20:30:50.452,316,RECV,AA0083080000000000000000BBAA0064050000000001BB
03-16-2026 20:30:50.452,317,RECV,AA0083080000000000000000BBAA0551056300000001BBAA0083080000000000000000BB
03-16-2026 20:30:50.452,318,RECV,AA0081080000000000000000BBAA0083080000000000000000BBAA0085083F3177BD7F9FD5BDBBAA0064050000000001BBAA009708FFFFC74200000000BBAA0551056300000001BBAA0083080000000000000000BB
03-16-2026 20:30:50.452,319,RECV,AA0083080000000000000000BBAA0064050000000001BBAA0083080000000000000000BB
03-16-2026 20:30:50.452,320,RECV,AA055105630000000DBBAA0083080000000000000000BB
03-16-2026 20:30:50.452,321,RECV,AA00800803400000ED05CC2FBBAA00820867F8534100000000BBAA0084080000000000000000BBAA0064050000000001BBAA0087080000000000000000BBAA008908BDF1ED3F49D35340BBAA008C0854D2CA4100000000BBAA008E083B98153D00000000BBAA055105630000000DBBAA0083080000000000000000BB
03-16-2026 20:30:50.500,322,RECV,AA0083080000000000000000BBAA0064050000000001BB
03-16-2026 20:30:51.447,323,RECV,AA0083080000000000000000BBAA055105630000000DBBAA0083080000000000000000BB
03-16-2026 20:30:51.453,324,RECV,AA0081080000000000000000BBAA0083080000000000000000BBAA00640500000000010CAA0086080000000000000000BBAA009708FFFFC74200000000BBAA055105630000000DBBAA0083080000000000000000BB
03-16-2026 20:30:51.453,325,RECV,AA0083080000000000000000BB
03-16-2026 20:30:51.453,326,RECV,AA0064050000000001BBAA0083080000000000000000BBAA055105630000000DBB
03-16-2026 20:30:51.453,327,RECV,AA0083080000000000000000BBAA0081080000000000000000BBAA0083080000000001BB0000BBAA0085083F0D80BDFFD7D6BDBBAA0087080000000000000000BBAA009708FFFFC74200000000BBAA055105630000000DBB
03-16-2026 20:30:51.453,328,RECV,AA0083080000000000000000BBAA0083080000000000000000BB
03-16-2026 20:30:51.453,329,RECV,AA0064050000000001BBAA0083080000000000000000BBAA055105630000000DBB
03-16-2026 20:30:51.453,330,RECV,AA0083080000000000000000BB
03-16-2026 20:30:51.453,331,RECV,AA0081080000000000000000BBAA006405000000000000AA0084080000000000000000BBAA0086080000000000000000BBAA009708FFFFC74200000000BBAA055105630000000DBBAA0083080000000000000000BB
03-16-2026 20:30:51.453,332,RECV,AA0083080000000000000000BBAA0064050000000001BBAA0083080000000000000000BBAA055105630000000DBB
03-16-2026 20:30:51.453,333,RECV,AA0083080000000000000000BB
03-16-2026 20:30:51.453,334,RECV,AA0081080000000001BB0000BBAA0083080000000000000000BBAA008508FF5E82BD1F62CDBDBBAA0087080000000000000000BBAA009708FFFFC74200000000BBAA055105630000000DBBAA0083080000000000000000BB
03-16-2026 20:30:51.453,335,RECV,AA0083080000000000000000BBAA0064050000000001BBAA0083080000000000000000BB
03-16-2026 20:30:51.453,336,RECV,AA055105630000000DBBAA0083080000000000000000BB
03-16-2026 20:30:51.453,337,RECV,AA0080080000000001000000BBAA008208ACF7534100000000BBAA0084080000000000000000BBAA0086080000000000000000BBAA008808205FBC3C14D96F41BBAA008B0840089C4028D9B841BBAA008D08F305B74400000000BBAA009708FFFFC74200000000BBAA055105630000000DBBAA0083080000000000000000BB
03-16-2026 20:30:51.516,338,RECV,AA0083080000000000000000BBAA0064050000000001BB
03-16-2026 20:30:52.401,339,RECV,AA0083080000000000000000BBAA055105630000000DBBAA0083080000000000000000BB
03-16-2026 20:30:52.403,340,RECV,AA0064050000000001BBAA0081080000000000000000BBAA0083080000000000000000BBAA0085089F6883BD1FC1D2BDBBAA0087080000000000000000BBAA009708FFFFC74200000000BBAA055105630000000DBBAA0083080000000000000000BB
03-16-2026 20:30:52.403,341,RECV,AA0083080000000000000000BBAA0064050000000001BB
03-16-2026 20:30:52.403,342,RECV,AA0083080000000000000000BBAA055105630000000DBBAA0083080000000000000000BB
03-16-2026 20:30:52.403,343,RECV,AA0064050000000001BBAA0081080000000000000000BBAA0083080000000000000000BBAA008508DF1082BD9F29CCBDBBAA0087080000000000000000BBAA009708FFFFC74200000000BBAA055105630000000DBBAA0083080000000000000000BB
03-16-2026 20:30:52.403,344,RECV,AA0083080000000000000000BBAA0064050000000001BB
03-16-2026 20:30:52.403,345,RECV,AA0083080000000000000000BBAA055105630000000DBBAA0083080000000000000000BB
03-16-2026 20:30:52.404,346,RECV,AA0064050000000001BBAA0081080000000000000000BBAA0083080000000000000000BBAA0085081FA783BD7FD5CCBDBBAA0087080000000000000000BBAA009708FFFFC74200000000BB
03-16-2026 20:30:52.404,347,RECV,AA055105630000000DBBAA0083080000000000000000BBAA0083080000000000000000BB
03-16-2026 20:30:52.404,348,RECV,AA0064050000000001BBAA0083080000000000000000BBAA055105630000000DBB
03-16-2026 20:30:52.404,349,RECV,AA0083080000000000000000BBAA0064050000000001BBAA0081080000000000000000BBAA0083080000000000000000BBAA008508FEDB7FBDBFE8CEBDBBAA0087080000000000000000BBAA009708FFFFC74200000000BB
03-16-2026 20:30:52.404,350,RECV,AA055105630000000DBBAA0083080000000000000000BBAA0083080000000000000000BB
03-16-2026 20:30:52.404,351,RECV,AA0064050000000001BBAA0083080000000000000000BBAA055105630000000DBB
03-16-2026 20:30:52.407,352,RECV,AA0083080000000000000000BBAA0064050000000001BBAA00800803400000ED05CC2FBBAA0082086508544100000000BBAA0084080000000000000000BBAA00860800000000000000
03-16-2026 20:30:52.471,353,RECV,00BBAA008808C046BC3CBFD66F41BBAA008B0840089C40D0EDB841BBAA008D08F305B74400000000BBAA009708FFFFC74200000000BBAA055105630000000DBBAA0083080000000000000000BBAA0083080000000000000000BB
03-16-2026 20:30:53.308,354,RECV,AA0064050000000001BBAA0083080000000000000000BBAA055105630000000DBB
03-16-2026 20:30:53.308,355,RECV,AA0083080000000000000000BBAA0064050000000001BBAA0081080000000000000000BBAA0083080000000000000000BBAA0085089FF780BD7FDBCBBDBBAA0087080000000000000000BB
03-16-2026 20:30:53.308,356,RECV,AA009708FFFFC74200000000BBAA055105630000000DBBAA0083080000000000000000BB
03-16-2026 20:30:53.308,357,RECV,AA0083080000000000000000BBAA0064050000000001BBAA0083080000000000000000BBAA0551056300000001BB
03-16-2026 20:30:53.308,358,RECV,AA0083080000000000000000BBAA0064050000000001BB
03-16-2026 20:30:53.308,359,RECV,AA0081080000000000000000BBAA0083080000000000000000BBAA0085087FA381BDBFC4D4BDBBAA0087080000000000000000BBAA009708FFFFC74200000000BBAA0551056300000001BBAA0083080000000000000000BB
03-16-2026 20:30:53.308,360,RECV,AA0083080000000000000000BBAA0064050000000001BBAA0083080000000000000000BB
03-16-2026 20:30:53.308,361,RECV,AA0551056300000001BBAA0083080000000000000000BB
03-16-2026 20:30:53.308,362,RECV,AA0064050000000001BBAA0081080000000000000000BBAA0083080000000000000000BBAA0085083E847EBDDFC5CCBDBBAA0087080000000000000000BBAA009708FFFFC74200000000BBAA0551056300000001BBAA0083080000000000000000BB
03-16-2026 20:30:53.308,363,RECV,AA0083080000000000000000BBAA0064050000000001BBAA0083080000000000000000BB
03-16-2026 20:30:53.308,364,RECV,AA0551056300000001BBAA0083080000000000000000BB
03-16-2026 20:30:53.308,365,RECV,AA0064050000000001BBAA0081080000000000000000BBAA0083080000000000000000BBAA0085083E967BBD5FECD0BDBBAA0087080000000000000000BBAA009708FFFFC74200000000BBAA0083080000000000000000BB
03-16-2026 20:30:53.308,366,RECV,AA0083080000000000000000BBAA0064050000000001BB
03-16-2026 20:30:53.363,367,RECV,AA0083080000000000000000BBAA0551056300000001BBAA0083080000000000000000BB
03-16-2026 20:30:53.427,368,RECV,AA0064050000000001BBAA00800803400000ED05CC00BBAA008208CCFC534100000000BBAA0084080000000000000000BBAA0086080000000000000000BBAA00880820C8BC3CA7D86F41BBAA008B0840089C40D0EDB841BBAA008D08F305B74400000000BBAA009708FFFFC74200000000BB
03-16-2026 20:30:54.201,369,RECV,AA0083080000000000000000BBAA0083080000000000000000BBAA0064050000000001BB
03-16-2026 20:30:54.201,370,RECV,AA0083080000000000000000BBAA0551056300000001BBAA0083080000000000000000BB
03-16-2026 20:30:54.201,371,RECV,AA0064050000000001BBAA0081080000000000000000BBAA0083080000000000000000BBAA008508BEBC7FBD5F57D4BDBBAA0087080000000000000000BBAA009708FFFFC74200000000BB
03-16-2026 20:30:54.201,372,RECV,AA0083080000000000000000BBAA0551056300000001BBAA0083080000000000000000BBAA0064050000000001BB
03-16-2026 20:30:54.201,373,RECV,AA0083080000000000000000BBAA0551056300000001BB
03-16-2026 20:30:54.201,374,RECV,AA0083080000000000000000BBAA0064050000000001BB
03-16-2026 20:30:54.201,375,RECV,AA0081080000000000000000BBAA0083080000000000000000BBAA0085087F4A78BD3F03D5BDBBAA0087080000000000000000BBAA009708FFFFC74200000000BBAA0083080000000000000000BBAA0551056300000001BB
03-16-2026 20:30:54.201,376,RECV,AA0083080000000000000000BBAA0064050000000001BBAA0083080000000000000000BB
03-16-2026 20:30:54.201,377,RECV,AA0551056300000001BBAA0083080000000000000000BBAA0064050000000001BB
03-16-2026 20:30:54.201,378,RECV,AA0081080000000000000000BBAA0083080000000000000000BBAA008508FEF37BBD3FC2CABDBBAA0087080000000000000000BBAA009708FFFFC74200000000BBAA0083080000000000000000BBAA0551056300000001BB
03-16-2026 20:30:54.201,379,RECV,AA0083080000000000000000BBAA0064050000000003BBAA0083080000000000000000BB
03-16-2026 20:30:54.201,380,RECV,AA0551056300000003BBAA0083080000000000000000BBAA0064050000000003BB
03-16-2026 20:30:54.248,381,RECV,AA0081080000000000000000BBAA0083080000000000000000BBAA008508BFDE26BE3FF418BDBBAA0087080000000000000000BBAA009708FFFFC74200000000BBAA0083080000000000000000BBAA0551056300000003BB
03-16-2026 20:30:54.311,382,RECV,AA0083080000000000000000BBAA0064050000000003BBAA0083080000000000000000BB
03-16-2026 20:30:55.089,383,RECV,AA0551056300000003BBAA0083080000000000000000BBAA0064050000000003BB
03-16-2026 20:30:55.095,384,RECV,AA00800803400000ED05CC00BBAA008208F5BF214100000000BBAA0084080000000000000000BBAA0086080000000000000000BBAA008808A02BBB3CB4D16F41BBAA008B0840089C40D0EDB841BBAA008D08F305B74400000000BBAA009708FFFFC74200000000BBAA0083080000000000000000BBAA0551056300000003BB
03-16-2026 20:30:55.095,385,RECV,AA0083080000000000000000BBAA0064050000000003BB
03-16-2026 20:30:55.095,386,RECV,AA0083080000000000000000BBAA0551056300000003BBAA0083080000000000000000BB
03-16-2026 20:30:55.095,387,RECV,AA0064050000000003BBAA0081080000000000000000BBAA0083080000000000000000BBAA008508BFFE74BD3FD9DBBDBBAA008608FF7F3BB900000000BBAA009708FFFFC74200000000BBAA0083080000000000000000BB
03-16-2026 20:30:55.095,388,RECV,AA0551056300000003BBAA0083080000000000000000BBAA0064050000000003BB
03-16-2026 20:30:55.095,389,RECV,AA0083080000000000000000BBAA0551056300000003BBAA0083080000000000000000BB
03-16-2026 20:30:55.095,390,RECV,AA0064050000000003BBAA0081080000000000000000BBAA0083080000000000000000BBAA0085085FBA85BD7F16D7BDBBAA0087080000000000000000BBAA009708FFFFC74200000000BB
03-16-2026 20:30:55.095,391,RECV,AA0083080000000000000000BBAA0551056300000003BBAA0083080000000000000000BBAA0064050000000003BB
03-16-2026 20:30:55.095,392,RECV,AA0083080000000000000000BBAA0551056300000003BBAA0083080000000000000000BB
03-16-2026 20:30:55.095,393,RECV,AA0064050000000003BBAA0081080000000000000000BBAA0083080000000000000000BBAA0085083E197BBD7F99D6BDBBAA0087080000000000000000BBAA009708FFFFC74200000000BB
03-16-2026 20:30:55.095,394,RECV,AA0083080000000000000000BBAA0551056300000003BBAA0083080000000003BB0000BB
03-16-2026 20:30:55.143,395,RECV,AA0083080000000000000000BBAA0551056300000003BB
03-16-2026 20:30:56.030,396,RECV,AA0083080000000000000000BBAA0064050000000003BB
03-16-2026 20:30:56.031,397,RECV,AA0081080000000000000000BBAA008208CF58214100000000BBAA0084080000000000000000BBAA0086080000000000000000BBAA009708FFFFC74200000000BBAA0083080000000000000000BBAA0551056300000003BB
03-16-2026 20:30:56.031,398,RECV,AA006405000000000000AA0083080000000000000000BB
03-16-2026 20:30:56.031,399,RECV,AA0551056300000003BBAA0083080000000000000000BBAA0064050000000003BB
03-16-2026 20:30:56.033,400,RECV,AA00800803400000ED05CC2FBBAA008208BF7A214100000000BBAA0084080000000000000000BBAA0086080000000000000000BBAA008808C0C1B93CA5BE6F41BBAA008B0840089C40D0EDB841BBAA008D08F305B74400000000BBAA009708FFFFC74200000000BBAA0083080000000000000000BBAA0551056300000003BB
03-16-2026 20:30:56.033,401,RECV,AA0064050000000003BBAA0083080000000000000000BBAA0083080000000000000000BB
03-16-2026 20:30:56.033,402,RECV,AA0551056300000003BBAA0083080000000000000000BBAA0064050000000003BB
03-16-2026 20:30:56.033,403,RECV,AA0081080000000000000000BBAA0083080000000000000000BBAA008508BF3983BD3FFDD5BDBBAA0087080000000000000000BBAA009708FFFFC74200000000BBAA0083080000000000000000BBAA0551056300000003BB
03-16-2026 20:30:56.033,404,RECV,AA0064050000000003BBAA0083080000000000000000BB
03-16-2026 20:30:56.033,405,RECV,AA0083080000000000000000BBAA0551056300000003BBAA0083080000000000000000BBAA0064050000000003BB
03-16-2026 20:30:56.033,406,RECV,AA0081080000000000000000BBAA0083080000000000000000BBAA008508BFE079BD9FF3D4BDBBAA0087080000000000000000BBAA009708FFFFC74200000000BBAA0083080000000000000000BBAA0551056300000003BB
03-16-2026 20:30:56.033,407,RECV,AA0064050000000003BBAA0083080000000000000000BBAA0083080000000000000000BB
03-16-2026 20:30:56.034,408,RECV,AA0551056300000003BBAA0083080000000000000000BB
03-16-2026 20:30:56.034,409,RECV,AA0064050000000003BBAA0081080000000000000000BBAA0083080000000000000000BBAA0085087FA980BDFFCBD8BDBBAA0087080000000000000000BBAA009708FFFFC74200000000BBAA0083080000000000000000BB
03-16-2026 20:30:56.096,410,RECV,AA0551056300000003BBAA0064050000000003BBAA0083080000000000000000BB
03-16-2026 20:30:56.956,411,RECV,AA0083080000000000000000BBAA0551056300000003BBAA0083080000000000000000BB
03-16-2026 20:30:56.959,412,RECV,AA0064050000000003BBAA0081080000000000000000BBAA0083080000000000000000BBAA008508BEC87DBD5F39D900BBAA0087080000000000000000BBAA009708FFFFC74200000000BB
03-16-2026 20:30:56.959,413,RECV,AA0083080000000000000000BBAA0551056300000003BBAA0064050000000003BBAA0083080000000000000000BB
03-16-2026 20:30:56.959,414,RECV,AA0083080000000000000000BBAA0551056300000003BB
03-16-2026 20:30:56.959,415,RECV,AA0083080000000000000000BBAA0064050000000003BB
03-16-2026 20:30:56.959,416,RECV,AA00800803400000ED050000BBAA008208766C214100000000BBAA00840800000000000000BDBBAA0086080000000000000000BBAA0087080000000000006F41BBAA008908C4F2ED3F47CD5340BBAA008C08D828CB4100000000BBAA008E083B98153D556CFB00BBAA0083080000000000000000BBAA0551056300000003BBAA0064050000000003BBAA0083080000000000000000BB
03-16-2026 20:30:56.959,417,RECV,AA0083080000000000000000BB
03-16-2026 20:30:56.959,418,RECV,AA0551056300000003BBAA0083080000000000000000BBAA0064050000000003BBAA0081080000000000000000BBAA0083080000000000000000BBAA0085087FA381BD7F9FD5BDBBAA0087080000000000000000BB
03-16-2026 20:30:56.959,419,RECV,AA009708FFFFC74200000000BBAA0083080000000000000000BBAA055105630000000DBBAA0064050000000003BB
03-16-2026 20:30:56.959,420,RECV,AA0083080000000000000000BBAA0083080000000000000000BB
03-16-2026 20:30:56.959,421,RECV,AA055105630000000DBBAA0083080000000000000000BBAA0064050000000003BB
03-16-2026 20:30:56.959,422,RECV,AA0081080000000000000000BBAA0083080000000000000000BBAA008508BFEC77BD9F17CFBDBBAA0087080000000000000000BBAA009708FFFFC74200000000BBAA0083080000000000000000BBAA055105630000000DBBAA0064050000000003BB
03-16-2026 20:30:56.959,423,RECV,AA0083080000000000000000BBAA0083080000000000000000BB
03-16-2026 20:30:56.987,424,RECV,AA055105630000000DBBAA0083080000000000000000BBAA0064050000000003BB
03-16-2026 20:30:58.737,425,RECV,AA0081080000000000000000BBAA0083080000000000000000BBAA008508BFE079BDBF41D5BDBBAA0087080000000000000000BBAA009708FFFFC74200000000BBAA0083080000000000000000BBAA055105630000000DBB
03-16-2026 20:30:59.662,426,RECV,AA0064050000000003BBAA0083080000000000000000BBAA0083080000000000000000BB
03-16-2026 20:30:59.662,427,RECV,AA055105630000000DBBAA0083080000000000000000BBAA0064050000000003BB
03-16-2026 20:30:59.662,428,RECV,AA0081080000000000000000BBAA0083080000000000000000BBAA0085081F3082BD9F29CCBDBBAA0087080000000000000000BBAA009708FFFFC74200000000BBAA0083080000000000000000BBAA055105630000000DBB
03-16-2026 20:30:59.662,429,RECV,AA0064050000000003BBAA0083080000000000000000BB
03-16-2026 20:30:59.662,430,RECV,AA0083080000000000000000BBAA055105630000000DBBAA0083080000000000000000BBAA0064050000000003BB
03-16-2026 20:30:59.662,431,RECV,AA0080080340000000000000BBAA008208DEF9534100000000BBAA0084080000000000000000BBAA0086080000000000000000BBAA008808A057BC3C38D76F41BBAA008B0840089C40D0EDB841BBAA008D08F305B74400000000BBAA009708FFFFC74200000000BB
03-16-2026 20:30:59.662,432,RECV,AA0083080000000000000000BB
03-16-2026 20:30:59.662,433,RECV,AA055105630000000DBBAA0064050000000003BBAA0083080000000000000000BB
03-16-2026 20:30:59.662,434,RECV,AA0083080000000000000000BBAA0083080000000000000000BB
03-16-2026 20:30:59.662,435,RECV,AA0064050000000003BBAA0081080000000000000000BBAA0083080000000000000000BBAA008508BE577BBD1FC7D1BDBBAA0087080000000000000000BBAA009708FFFFC74200000000BB
03-16-2026 20:30:59.662,436,RECV,AA0083080000000000000000BBAA055105630000000DBBAA0064050000000003BBAA0083080000000000000000BB
03-16-2026 20:30:59.662,437,RECV,AA0083080000000000000000BB
03-16-2026 20:30:59.662,438,RECV,AA0083080000000000000000BBAA0064050000000003BBAA0081080000000000000000BBAA0083080000000000000000BBAA0085083FD788BD7FF3C7BDBBAA0087080000000000000000BBAA009708FFFFC74200000000BB
03-16-2026 20:30:59.662,439,RECV,AA0083080000000000000000BBAA055105630000000DBBAA0064050000000003BBAA0083080000000000000000BB
03-16-2026 20:30:59.662,440,RECV,AA0083080000000000000000BB
03-16-2026 20:30:59.662,441,RECV,AA0083080000000000000000BBAA055105630000000DBBAA0064050000000003BB
03-16-2026 20:30:59.662,442,RECV,AA0081080000000000000000BBAA0083080000000000000000BBAA008508BFC281BDDFBFCDBDBBAA0087080000000000000000BBAA009708FFFFC74200000000BBAA0083080000000000000000BBAA055105630000000DBBAA0064050000000003BB
03-16-2026 20:30:59.662,443,RECV,AA0083080000000000000000BBAA0083080000000000000000BB
03-16-2026 20:30:59.662,444,RECV,AA0083080000000000000000BBAA055105630000000DBBAA0064050000000003BB
03-16-2026 20:30:59.662,445,RECV,AA0081080000000000000000BBAA0083080000000000000000BBAA0085089F7A80BD7FD5CCBDBBAA0087080000000000000000BBAA009708FFFFC74200000000BBAA0083080000000000000000BBAA055105630000000DBBAA0064050000000003BB
03-16-2026 20:30:59.662,446,RECV,AA0083080000000000000000BBAA0083080000000000000000BB
03-16-2026 20:30:59.662,447,RECV,AA0083080000000000000000BBAA055105630000000DBBAA0064050000000003BB
03-16-2026 20:30:59.662,448,RECV,AA0080080340000000000000BBAA0082085AF5534100000000BBAA0084080000000000000000BBAA0086080000000000000000BBAA0088084023BA3C11D56F41BBAA008B0840089C4078000000BBAA008D08F305B74400000000BBAA009708FFFFC74200000000BBAA0083080000000000000000BB
03-16-2026 20:30:59.662,449,RECV,AA0551056300000003BBAA0083080000000000000000BB
03-16-2026 20:30:59.662,450,RECV,AA0083080000000000000000BBAA0083080000000000000000BBAA0064050000000003BB
03-16-2026 20:30:59.662,451,RECV,AA0081080000000000000000BBAA0083080000000000000000BBAA008508C067253DEFCF3CBEBBAA0087080000000000000000BBAA009708FFFFC74200000000BBAA0083080000000000000000BB
03-16-2026 20:30:59.662,452,RECV,AA0064050000000003BBAA0551056300000003BBAA0083080000000000000000BB
03-16-2026 20:30:59.662,453,RECV,AA0083080000000000000000BBAA0083080000000000000000BBAA0064050000000003BBAA0551056300000003BB
03-16-2026 20:30:59.662,454,RECV,AA0081080000000000000000BBAA0083080000000000000000BBAA0085087F9783BDFFC5D9BDBBAA0087080000000000000000BBAA009708FFFFC74200000000BBAA0083080000000000000000BB
03-16-2026 20:30:59.662,455,RECV,AA0064050000000003BBAA0551056300000003BBAA0083080000000000000000BB
03-16-2026 20:30:59.662,456,RECV,AA0083080000000000000000BBAA0083080000000000000000BBAA0064050000000003BBAA0551056300000003BB
03-16-2026 20:30:59.662,457,RECV,AA0081080000000000000000BBAA0083080000000000000000BBAA0085089F9191BD1FAFD5BDBBAA0087080000000000000000BBAA009708FFFFC74200000000BB
03-16-2026 20:30:59.662,458,RECV,AA0083080000000000000000BBAA0064050000000003BBAA0551056300000003BBAA0083080000000000000000BB
03-16-2026 20:30:59.662,459,RECV,AA0083080000000000000000BB
03-16-2026 20:30:59.662,460,RECV,AA0083080000000000000000BBAA0064050000000003BBAA0551056300000003BBAA0081080000000000000000BBAA0083080000000000000000BBAA008508FFFF79BDFFDDD5BDBBAA0087080000000000000000BBAA009708FFFFC74200000000BB
03-16-2026 20:30:59.662,461,RECV,AA0083080000000000000000BBAA0064050000000003BBAA0551056300000003BBAA0083080000000000000000BB
03-16-2026 20:30:59.662,462,RECV,AA0083080000000000000000BB
03-16-2026 20:30:59.662,463,RECV,AA0083080000000000000000BBAA0551056300000003BB
03-16-2026 20:30:59.662,464,RECV,AA00800803400000ED05CC2FBBAA008208114E214100000000BBAA0084080000000000000000BBAA0086080000000000000000BBAA00880820
03-16-2026 20:30:59.662,465,RECV,C8BC3CF8C86F41BBAA008B0840089C407802B941BBAA008D08F305B74400000000BBAA009708FFFFC74200000000BBAA0083080000000000000000BBAA0064050000000003BBAA0551056300000003BBAA00830800000000
03-16-2026 20:30:59.662,466,RECV,00000000BBAA0083080000000000000000BB
03-16-2026 20:30:59.662,467,RECV,AA006405000000000000AA0551056300000003BB
03-16-2026 20:30:59.662,468,RECV,AA0081080000000000000000BBAA0083080000000000000000BBAA0085083E1F7ABD9F70D5BDBBAA0087080000000000000000BBAA009708FFFFC74200000000BBAA0083080000000000000000BBAA0064050000000003BB
03-16-2026 20:30:59.722,469,RECV,AA0551056300000003BBAA0083080000000000000000BBAA0083080000000000000000BB
03-16-2026 20:31:00.638,470,RECV,AA0064050000000003BBAA0083080000000000000000BBAA0551056300000003BB
03-16-2026 20:31:00.641,471,RECV,AA0081080000000000000000BBAA0083080000000000000000BBAA0085085FC683BD7F0AD9BDBBAA0087080000000000000000BBAA009708FFFFC74200000000BBAA0083080000000000000000BBAA0064050000000003BB
03-16-2026 20:31:00.641,472,RECV,AA0551056300000003BBAA0083080000000000000000BBAA0083080000000000000000BB
03-16-2026 20:31:00.641,473,RECV,AA0064050000000003BBAA0083080000000000000000BBAA0551056300000003BB
03-16-2026 20:31:00.641,474,RECV,AA0081080000000000000000BBAA0083080000000000000000BBAA0085085F12A1BD5FA5C7BDBBAA0087080000000000000000BBAA009708FFFFC74200000000BBAA0083080000000000000000BB
03-16-2026 20:31:00.641,475,RECV,AA0064050000000003BBAA0551056300000003BBAA0083080000000000000000BB
03-16-2026 20:31:00.641,476,RECV,AA0083080000000000000000BBAA0064050000000003BBAA0083080000000000000000BB
03-16-2026 20:31:00.641,477,RECV,AA0551056300000003BBAA0081080000000000000000BBAA0083080000000000000000BBAA0085083F8A80BD9FE7D6BDBBAA0087080000000000000000BBAA009708FFFFC74200000000BBAA0083080000000000000000BB
03-16-2026 20:31:00.641,478,RECV,AA0064050000000003BBAA0551056300000003BBAA0083080000000000000000BB
03-16-2026 20:31:00.641,479,RECV,AA0083080000000000000000BBAA0064050000000003BBAA0083080000000000000000BB
03-16-2026 20:31:00.641,480,RECV,AA0551056300000003BBAA00800803400000ED05CC00BBAA0082085E70214100000000BBAA0084080000000000000000BBAA0086080000000000000000BBAA008808008EBC3C9ED06F41BBAA008B0840089C407802B941BBAA008D08F305B74400000000BBAA009708FFFFC74200000000BB
03-16-2026 20:31:00.641,481,RECV,AA0083080000000000000000BBAA0064050000000001BBAA0551056300000001BBAA0083080000000000000000BB
03-16-2026 20:31:00.641,482,RECV,AA0083080000000000000000BBAA0064050000000001BBAA0083080000000000000000BB
03-16-2026 20:31:00.641,483,RECV,AA0551056300000001BBAA0081080000000000000000BBAA0083080000000000000000BBAA008508FFC386BD9F94CFBDBBAA0087080000000000000000BBAA009708FFFFC74200000000BB
03-16-2026 20:31:00.678,484,RECV,AA0083080000000000000000BBAA0064050000000001BBAA0551056300000001BBAA0083080000000000000000BB
03-16-2026 20:31:00.743,485,RECV,AA0083080000000000000000BBAA0064050000000001BB
03-16-2026 20:31:01.588,486,RECV,AA0083080000000000000000BBAA0551056300000001BB
03-16-2026 20:31:01.590,487,RECV,AA0081080000000000000000BBAA0083080000000000000000BBAA0085081F778BBDFFFBD0BDBBAA0087080000000000000000BBAA009708FFFFC74200000000BBAA0083080000000000000000BBAA0064050000000001BB
03-16-2026 20:31:01.590,488,RECV,AA0551056300000001BBAA0083080000000000000000BBAA0083080000000000000000BB
03-16-2026 20:31:01.590,489,RECV,AA0064050000000001BBAA0083080000000000000000BBAA0551056300000001BB
03-16-2026 20:31:01.590,490,RECV,AA0081080000000000000000BBAA0083080000000000000000BBAA008508FFDB82BDFF6CD3BDBBAA0087080000000000000000BBAA009708FFFFC74200000000BBAA0083080000000000000000BBAA0064050000000002BB
03-16-2026 20:31:01.590,491,RECV,AA0551056300000002BBAA0083080000000000000000BBAA0083080000000000000000BB
03-16-2026 20:31:01.590,492,RECV,AA0064050000000002BBAA0083080000000000000000BBAA0551056300000002BB
03-16-2026 20:31:01.590,493,RECV,AA0081080000000000000000BBAA0083080000000000000000BBAA00840800000000000000BDBBAA00860800D4143B00000000BBAA009708FFFFC74200000000BBAA0083080000000000000000BBAA0064050000000002BB
03-16-2026 20:31:01.590,494,RECV,AA0551056300000002BBAA0083080000000000000000BBAA0083080000000000000000BB
03-16-2026 20:31:01.590,495,RECV,AA0064050000000002BBAA0083080000000000000000BBAA0551056300000002BB
03-16-2026 20:31:01.590,496,RECV,AA00800803400000ED050000BBAA0082082C54214100000000BBAA0084080000000000000000BBAA0086080000000000000000BBAA008808A0B5B83C86C06F40BBAA008B0840089C407802B941BBAA008C08C469CB4100000000BBAA008E083B98153D71F30000BBAA0083080000000000000000BB
03-16-2026 20:31:01.590,497,RECV,AA0064050000000002BBAA0551056300000002BB
03-16-2026 20:31:01.590,498,RECV,AA0083080000000000000000BBAA0083080000000000000000BB
03-16-2026 20:31:01.634,499,RECV,AA0551056300000002BBAA0081080000000000000000BBAA0083080000000000000000BBAA008508BE577BBD3FF7D600BBAA0087080000000000000000BBAA009708FFFFC74200000000BBAA0083080000000000000000BB
03-16-2026 20:31:01.698,500,RECV,AA0083080000000000000000BB
03-16-2026 20:31:02.540,501,RECV,AA0083080000000000000000BBAA0083080000000000000000BB
03-16-2026 20:31:02.540,502,RECV,AA0551056300000002BBAA0081083000000000000000BBAA008208FBA42141FF5F6ABABBAA0084080000000000000000BBAA0086080000000000000000BBAA009708FFFFC74200000000BB
03-16-2026 20:31:02.540,503,RECV,AA0083080000000000000000BBAA0083080000000000000000BB
03-16-2026 20:31:02.540,504,RECV,AA0083080000000000000000BB
03-16-2026 20:31:02.540,505,RECV,AA0083080000000000000000BBAA0551056300000002BBAA0081080000000000000000BBAA0083080000000000000000BBAA0085083E967BBD7FA5D4BDBBAA0087080000000000000000BBAA009708FFFFC74200000000BB
03-16-2026 20:31:02.540,506,RECV,AA0083080000000000000000BBAA0083080000000000000000BBAA0551056300000002BB
03-16-2026 20:31:02.540,507,RECV,AA0083080000000000000000BB
03-16-2026 20:31:02.540,508,RECV,AA0083080000000000000000BBAA0551056300000002BB
03-16-2026 20:31:02.540,509,RECV,AA0081080000000000000000BBAA0083080000000000000000BBAA0085083EFB7FBDBFD0D2BDBBAA0087080000000000000000BBAA009708FFFFC74200000000BBAA0083080000000000000000BB
03-16-2026 20:31:02.540,510,RECV,AA0083080000000000000000BBAA0551056300000002BBAA0083080000000000000000BB
03-16-2026 20:31:02.540,511,RECV,AA0083080000000000000000BBAA0551056300000002BB
03-16-2026 20:31:02.540,512,RECV,AA00800803400000ED05CC00BBAA0082085709214100000000BBAA0084080000000000000000BBAA0086080000000000000000BBAA008808C0A1BB3C9AC66F41BBAA008B0840089C407802B941BBAA008D08F305B74400000000BBAA009708FFFFC74200000000BBAA0083080000000000000000BB
03-16-2026 20:31:02.540,513,RECV,AA0083080000000000000000BBAA0551056300000002BBAA0083080000000000000000BB
03-16-2026 20:31:02.589,514,RECV,AA0083080000000000000000BBAA0551056300000002BB
03-16-2026 20:31:02.651,515,RECV,AA0081080000000000000000BBAA0083080000000000000000BBAA0085083FC673BD1F2CD6BDBBAA0087080000000000000000BBAA009708FFFFC74200000000BBAA0083080000000000000000BB
03-16-2026 20:31:03.571,516,RECV,AA0083080000000000000000BBAA0551056300000002BBAA0083080000000000000000BB
03-16-2026 20:31:03.581,517,RECV,AA0083080000000000000000BBAA0551056300000002BB
03-16-2026 20:31:03.581,518,RECV,AA0081083000000000000000BBAA0083080000000000000000BBAA008508FF8E77BD5F6FD0BDBBAA0087080000000000000000BBAA009708FFFFC74200000000BBAA0083080000000000000000BB
03-16-2026 20:31:03.581,519,RECV,AA0083080000000000000000BBAA0551056300000002BB
03-16-2026 20:31:03.581,520,RECV,AA0083080000000000000000BBAA0083080000000000000000BB
03-16-2026 20:31:03.581,521,RECV,AA0551056300000002BBAA0081080000000000000000BBAA0083080000000000000000BBAA0085085F7890BDDF24D2BDBBAA0087080000000000000000BBAA009708FFFFC74200000000BBAA0083080000000000000000BB
03-16-2026 20:31:03.581,522,RECV,AA0083080000000000000000BBAA0551056300000002BB
03-16-2026 20:31:03.581,523,RECV,AA0083080000000000000000BBAA0083080000000000000000BB
03-16-2026 20:31:03.581,524,RECV,AA0551056300000002BBAA0081080000000000000000BBAA0083080000000000000000BBAA008508FF8279BD3F80D5BDBBAA0087080000000000000000BBAA009708FFFFC74200000000BB
03-16-2026 20:31:03.581,525,RECV,AA0083080000000000000000BBAA0083080000000000000000BBAA0551056300000002BB
03-16-2026 20:31:03.581,526,RECV,AA0083080000000000000000BB
03-16-2026 20:31:03.581,527,RECV,AA0083080000000000000000BBAA0551056300000002BBAA00800803400000ED05CC00BBAA0082085E3C214100000000BBAA0084080000000000000000BBAA0086080000000000000000BBAA0088084033B9
03-16-2026 20:31:03.581,528,RECV,3CD7C36F41BBAA008B0840089C402017B941BBAA008D08F305B74400000000BBAA009708FFFFC74200000000BBAA0083080000000000000000BBAA0083080000000000000000BB
03-16-2026 20:31:03.581,529,RECV,AA0551056300000002BBAA0083080000000000000000BB
03-16-2026 20:31:03.603,530,RECV,AA0083080000000000000000BBAA0551056300000002BBAA0081080000000000000000BBAA0083080000000000000000BBAA0085083F7883BD7FBDD0BDBBAA0087080000000000000000BBAA00
03-16-2026 20:31:03.666,531,RECV,9708FFFFC74200000000BBAA0083080000000000000000BB
03-16-2026 20:31:04.588,532,RECV,AA0083080000000000000000BBAA0551056300000002BBAA0083080000000000000000BB
03-16-2026 20:31:04.589,533,RECV,AA0083080000000000000000BBAA0551056300000002BB
03-16-2026 20:31:04.589,534,RECV,AA0081080000000000000000BBAA0083080000000000000000BBAA0085081FA099BD9F35CABDBBAA0087080000000000000000BBAA009708FFFFC74200000000BBAA0083080000000000000000BB
03-16-2026 20:31:04.589,535,RECV,AA0083080000000000000000BBAA0551056300000002BBAA0083080000000000000000BB
03-16-2026 20:31:04.589,536,RECV,AA0083080000000000000000BB
03-16-2026 20:31:04.589,537,RECV,AA0551056300000002BBAA0081080000000000000000BBAA0083080000000000000000BBAA0085083E8A7DBD7F22D5BDBBAA0087080000000000000000BBAA009708FFFFC74200000000BBAA0083080000000000000000BB
03-16-2026 20:31:04.589,538,RECV,AA0083080000000000000000BBAA0551056300000002BBAA0083080000000000000000BB
03-16-2026 20:31:04.589,539,RECV,AA0083080000000000000000BB
03-16-2026 20:31:04.589,540,RECV,AA0551056300000002BBAA0081080000000000000000BBAA0083080000000000000000BBAA0085087FEB72BD3FEBD8BDBBAA0087080000000000000000BBAA009708FFFFC74200000000BBAA0083080000000000000000BB
03-16-2026 20:31:04.589,541,RECV,AA0083080000000000000000BBAA0551056300000002BB
03-16-2026 20:31:04.589,542,RECV,AA0083080000000000000000BBAA0083080000000000000000BB
03-16-2026 20:31:04.589,543,RECV,AA0551056300000002BBAA00800803400000ED05CC2FBBAA008208D043214100000000BBAA0084080000000000000000BBAA0086080000000000000000BBAA008808608BB93C40CA6F41BBAA008B0840089C402017B941BBAA008D08F305B74400000000BBAA009708FFFFC74200000000BB
03-16-2026 20:31:04.589,544,RECV,AA0083080000000000000000BBAA0083080000000000000000BBAA0551056300000002BB
03-16-2026 20:31:04.589,545,RECV,AA0083080000000000000000BBAA00830800
03-16-2026 20:31:04.621,546,RECV,00000000000000BBAA0551056300000002BBAA0081080000000000000000BBAA0083080000000000000000BBAA0085083F4A5EBD1F0EDBBDBBAA0087080000000000000000BBAA009708FFFFC74200000000BB
03-16-2026 20:31:05.589,547,RECV,AA0083080000000000000000BBAA0083080000000000000000BB
03-16-2026 20:31:05.647,548,RECV,AA0551056300000002BBAA0083080000000000000000BB
03-16-2026 20:31:06.653,549,RECV,AA0083080000000000000000BBAA0551056300000002BBAA0081080000000000000000BBAA0083080000000000000000BBAA0085083F659BBD5FBDC3BDBBAA0087080000000000000000BBAA009708FFFFC74200000000BB
03-16-2026 20:31:06.653,550,RECV,AA0083080000000000000000BB
03-16-2026 20:31:06.653,551,RECV,AA0083080000000000000000BBAA0551056300000002BBAA0083080000000000000000BB
03-16-2026 20:31:06.653,552,RECV,AA0083080000000000000000BB
03-16-2026 20:31:06.653,553,RECV,AA0551056300000002BBAA0081080000000000000000BBAA0083080000000000000000BBAA008508FFAC72BD7F93D7BDBBAA0087080000000000000000BBAA009708FFFFC74200000000BBAA0083080000000000000000BB
03-16-2026 20:31:06.653,554,RECV,AA0083080000000000000000BBAA0551056300000002BBAA0083080000000000000000BB
03-16-2026 20:31:06.653,555,RECV,AA0083080000000000000000BB
03-16-2026 20:31:06.653,556,RECV,AA055105630000000200AA008208FB70214100000000BBAA0084080000000000000000BBAA0086080000000000000000BBAA009708FFFFC74200000000BBAA0083080000000000000000BB
03-16-2026 20:31:06.653,557,RECV,AA0083080000000000000000BBAA0551056300000002BBAA0083080000000000000000BB
03-16-2026 20:31:06.653,558,RECV,AA0083080000000000000000BB
03-16-2026 20:31:06.653,559,RECV,AA00800803400000ED050000BBAA055105630000000000AA0083080000000000000000BBAA0085083F2664BD7F16D7BDBBAA0087080000000000000000BBAA0089083DF2ED3FE6CC5340BBAA008C080C95CB4100000000BBAA008E083B98153D18DAEAB6BBAA0083080000000000000000BB
03-16-2026 20:31:06.653,560,RECV,AA0083080000000000000000BBAA0551056300000002BB
03-16-2026 20:31:06.653,561,RECV,AA0083080000000000000000BBAA0083080000000000000000BB
03-16-2026 20:31:06.653,562,RECV,AA0081080000000000000000BBAA055105630000000000AA0084080000000000000000BBAA0086080000000000000000BBAA0087080000000000000000BBAA009708FFFFC74200000000BBAA0083080000000000000000BB
03-16-2026 20:31:06.653,563,RECV,AA0083080000000000000000BBAA0551056300000002BB
03-16-2026 20:31:06.653,564,RECV,AA0083080000000000000000BBAA0083080000000000000000BB
03-16-2026 20:31:06.653,565,RECV,AA0081080000000000000000BBAA0083080000000000000000BBAA008508DF1681BDDF180000BBAA0087080000000000000000BBAA009708FFFFC74200000000BB
03-16-2026 20:31:06.653,566,RECV,AA0083080000000000000000BBAA0083080000000000000000BB
03-16-2026 20:31:06.653,567,RECV,AA0551056300000002BBAA0083080000000000000000BB
03-16-2026 20:31:06.653,568,RECV,AA0083080000000000000000BBAA0081080000000000000000BBAA0083080000000000000000BBAA0085087EAF7CBD1F0EDBBDBBAA0087080000000000000000BBAA009708FFFFC74200000000BB
03-16-2026 20:31:06.653,569,RECV,AA0083080000000000000000BBAA0083080000000000000000BB
03-16-2026 20:31:06.653,570,RECV,AA0551056300000002BBAA0083080000000000000000BB
03-16-2026 20:31:06.653,571,RECV,AA0083080000000000000000BB
03-16-2026 20:31:06.653,572,RECV,AA0081080000000000000000BBAA0083080000000000000000BBAA0085083E9C7ABD3F74D7BDBBAA0087080000000000000000BBAA009708FFFFC74200000000BBAA0083080000000000000000BB
03-16-2026 20:31:06.653,573,RECV,AA0083080000000000000000BBAA0551056300000002BBAA0083080000000000000000BB
03-16-2026 20:31:06.653,574,RECV,AA0083080000000000000000BB
03-16-2026 20:31:06.653,575,RECV,AA00800803400000ED05CC2FBBAA008208379B214100000000BBAA0084080000000000000000BBAA0086080000000000000000BBAA008808A02BBB3CC3C56F41BBAA008B0840089C402017B941BBAA008D08F305B74400000000BBAA009708FFFFC74200000000BBAA0083080000000000000000BB
03-16-2026 20:31:06.653,576,RECV,AA0083080000000000000000BBAA0551056300000002BBAA0083080000000000000000BB
03-16-2026 20:31:06.653,577,RECV,AA0083080000000000000000BB
03-16-2026 20:31:06.653,578,RECV,AA0081080000000000000000BBAA0083080000000000000000BBAA0085083F4973BDBF11DDBDBBAA0087080000000000000000BBAA009708FFFFC74200000000BBAA0083080000000000000000BB
03-16-2026 20:31:06.717,579,RECV,AA0083080000000000000000BBAA0551056300000002BBAA0083080000000000000000BB
03-16-2026 20:31:07.637,580,RECV,AA0083080000000000000000BB
03-16-2026 20:31:07.637,581,RECV,AA0081080000000000000000BBAA0083080000000000000000BBAA0085087F8B85BDFF6CD3BDBBAA0086080000000000000000BBAA0551056300000002BBAA009708FFFFC74200000000BBAA0083080000000000000000BB
03-16-2026 20:31:07.648,582,RECV,AA0083080000000000000000BBAA0551056300000002BBAA0083080000000000000000BB
03-16-2026 20:31:07.648,583,RECV,AA0083080000000000000000BB
03-16-2026 20:31:07.648,584,RECV,AA0081080000000000000000BBAA0083080000000000000000BBAA0085087FC179BDDF89D6BDBBAA0087080000000000000000BBAA0551056300000002BBAA009708FFFFC74200000000BBAA0083080000000000000000BB
03-16-2026 20:31:07.648,585,RECV,AA0083080000000000000000BBAA0551056300000002BB
03-16-2026 20:31:07.648,586,RECV,AA0083080000000000000000BBAA0083080000000000000000BB
03-16-2026 20:31:07.648,587,RECV,AA0081080000000000000000BBAA0083080000000000000000BBAA008508FFDB82BD9FF3D4BDBBAA0087080000000000000000BBAA0551056300000002BBAA009708FFFFC74200000000BB
03-16-2026 20:31:07.648,588,RECV,AA0083080000000000000000BBAA0083080000000000000000BB
03-16-2026 20:31:07.648,589,RECV,AA0551056300000002BBAA0083080000000000000000BB
03-16-2026 20:31:07.648,590,RECV,AA0083080000000000000000BB
03-16-2026 20:31:07.648,591,RECV,AA00800803400000ED05CC00BBAA008208D39B214100000000BBAA0084080000000000000000BBAA0086080000000000000000BBAA0088086012BA3C22B86F41BBAA008B0840089C4002BBB941BBAA008D08F305B744000000B7BBAA009708FFFFC74200000000BBAA0083080000000000000000BBAA0083080000000000000000BB
03-16-2026 20:31:07.648,592,RECV,AA0551056300000002BBAA0083080000000000000000BB
03-16-2026 20:31:07.648,593,RECV,AA0083080000000000000000BBAA0081080000000000000000BBAA0083080000000000000000BBAA0085087F5077BDFFDDD5BDBBAA0087080000000000000000BBAA0551
03-16-2026 20:31:07.668,594,RECV,056300000002BBAA009708FFFFC74200000000BBAA0083080000000000000000BB
03-16-2026 20:31:08.607,595,RECV,AA0083080000000000000000BBAA0551056300000002BBAA0083080000000000000000BB
03-16-2026 20:31:08.607,596,RECV,AA0083080000000000000000BB
03-16-2026 20:31:08.607,597,RECV,AA0081080000000000000000BBAA0083080000000000000000BBAA0085083E197BBDDF8FD5BDBBAA0087080000000000000000BBAA0551056300000002BBAA009708FFFFC74200000000BBAA0083080000000000000000BB
03-16-2026 20:31:08.607,598,RECV,AA0083080000000000000000BBAA0551056300000002BBAA0083080000000000000000BB
03-16-2026 20:31:08.607,599,RECV,AA0083080000000000000000BB
03-16-2026 20:31:08.607,600,RECV,AA0081080000000000000000BBAA0083080000000000000000BBAA008508FFD157BD1F910000BBAA0087080000000000000000BBAA0551056300000002BBAA009708FFFFC74200000000BBAA0083080000000000000000BB
03-16-2026 20:31:08.607,601,RECV,AA0083080000000000000000BBAA0551056300000002BBAA0083080000000000000000BB
03-16-2026 20:31:08.607,602,RECV,AA0083080000000000000000BB
03-16-2026 20:31:08.607,603,RECV,AA0081080400000000000000BBAA008208218F2141FFDFC4BABBAA0084080000163E20E5013EBBAA0086080010EF3A00000000BBAA009708FFFFC74200000000BBAA0083080000000000000000BB
03-16-2026 20:31:08.607,604,RECV,AA0083080000000000000000BB
03-16-2026 20:31:08.607,605,RECV,AA0551056300000002BBAA0083080000000000000000BBAA0083080000000000000000BB
03-16-2026 20:31:08.607,606,RECV,AA00800803400000ED050000BBAA0082081719214100000000BBAA0084080000000000000000BBAA008508DF14ABBD3FF2C2BDBBAA0087080000000000000000BBAA00890842EDED3F7FCA5340BBAA008B0840089C40C82BB941BBAA008D08F305B74400000000BBAA009708FFFFC74200000000BBAA0083080000000000000000BB
03-16-2026 20:31:08.607,607,RECV,AA0083080000000000000000BBAA05510563000000
03-16-2026 20:31:08.607,608,RECV,02BBAA0083080000000000000000BBAA008308
03-16-2026 20:31:08.623,609,RECV,0000000000000000BBAA0081080000000000000000BBAA0083080000000000000000BBAA0085085F5B80BD1FA9D6BDBBAA0087080000000000000000BBAA009708FFFFC74200000000BBAA0551056300000002BB
03-16-2026 20:31:08.686,610,RECV,AA0083080000000000000000BBAA0083080000000000000000BB
03-16-2026 20:31:09.590,611,RECV,AA0551056300000002BBAA0083080000000000000000BB
03-16-2026 20:31:09.595,612,RECV,AA0083080000000000000000BB
03-16-2026 20:31:09.595,613,RECV,AA0081080000000000000000BBAA0083080000000000000000BBAA0085087F9783BD7F22D5BDBBAA0087080000000000000000BBAA009708FFFFC74200000000BBAA0551056300000002BBAA0083080000000000000000BB
03-16-2026 20:31:09.595,614,RECV,AA0083080000000000000000BBAA0551056300000002BBAA0083080000000000000000BB
03-16-2026 20:31:09.595,615,RECV,AA0083080000000000000000BBAA0081080000000000000000BBAA
03-16-2026 20:31:09.595,616,RECV,0083080000000000000000BBAA0085087FA980BD5FCED5BDBBAA0087080000000000000000BBAA009708FFFFC74200000000BBAA0551056300000002BBAA0083080000000000000000BB
03-16-2026 20:31:09.595,617,RECV,AA0083080000000000000000BBAA0551056300000002BBAA0083080000000000000000BB
03-16-2026 20:31:09.597,618,RECV,AA0083080000000000000000BB
03-16-2026 20:31:09.597,619,RECV,AA0081080000000000000000BBAA0083080000000000000000BBAA008508BFEC77BD5F45D7BDBBAA0087080000000000000000BBAA009708FFFFC74200000000BBAA0551056300000002BBAA0083080000000000000000BB
03-16-2026 20:31:09.597,620,RECV,AA0083080000000000000000BBAA0551056300000002BBAA0083080000000000000000BB
03-16-2026 20:31:09.597,621,RECV,AA0083080000000000000000BB
03-16-2026 20:31:09.597,622,RECV,AA00800803400000ED050000BBAA0082088060214100000000BBAA0084080000000000000000BBAA0086080000000000000000BBAA0088080025BC3C43CB6F41BBAA008B0840089C40C82BB941BBAA008D08F305B74400000000BBAA009708FFFFC74200000000BBAA0551056300000002BBAA0083080000000000000000BB
03-16-2026 20:31:09.597,623,RECV,AA0083080000000000000000BB
03-16-2026 20:31:09.597,624,RECV,AA0551056300000002BBAA0083080000000000000000BBAA0083080000000000000000BB
03-16-2026 20:31:09.638,625,RECV,AA0081080000000000000000BBAA0083080000000000000000BBAA008508BF6379BD3F15D2BDBBAA0087080000000000000000BBAA009708FFFFC74200000000BBAA0551056300000002BBAA0083080000000000000000BB
03-16-2026 20:31:10.576,626,RECV,AA0083080000000000000000BB
03-16-2026 20:31:10.576,627,RECV,AA0551056300000002BBAA0083080000000000000000BBAA0083080000000000000000BB
03-16-2026 20:31:10.576,628,RECV,AA0081080000000000000000BBAA0083080000000000000000BBAA008508BE5D7ABD7F220000BBAA0087080000000000000000BBAA009708FFFFC74200000000BBAA0551056300000002BBAA0083080000000000000000BB
03-16-2026 20:31:10.576,629,RECV,AA0083080000000000000000BB
03-16-2026 20:31:10.576,630,RECV,AA0551056300000002BBAA0083080000000000000000BBAA0083080000000000000000BB
03-16-2026 20:31:10.576,631,RECV,AA0081080000000000000000BBAA0083080000000000000000BBAA0085083E9C7ABD1F3ED3BDBBAA0087080000000000000000BBAA009708FFFFC74200000000BBAA0551056300000002BB
03-16-2026 20:31:10.576,632,RECV,AA0083080000000000000000BBAA0083080000000000000000BB
03-16-2026 20:31:10.576,633,RECV,AA055105630000000000
03-16-2026 20:31:10.576,634,RECV,AA0083080000000000000000BBAA0081080000000000000000BBAA0083080000000000000000BBAA008508BEDA7ABD9FEDD5BDBBAA0087080000000000000000BB
03-16-2026 20:31:10.576,635,RECV,AA009708FFFFC74200000000BBAA0551056300000002BBAA0083080000000000000000BB
03-16-2026 20:31:10.576,636,RECV,AA0083080000000000000000BBAA0083080000000002BB0000BB
03-16-2026 20:31:10.576,637,RECV,AA0083080000000000000000BB
03-16-2026 20:31:10.576,638,RECV,AA00800803400000ED05CC00BBAA008208E45F214100000000BBAA0084080000000000000000BBAA0086080000000000000000BBAA008808607BBA3CF8CF6F41BBAA008B0840089C40C82BB941BBAA008D08F305B74400000000BBAA009708FFFFC74200000000BBAA0551056300000002BBAA0083080000000000000000BB
03-16-2026 20:31:10.576,639,RECV,AA0083080000000000000000BBAA0083080000000000000000BBAA0551056300000002BB
03-16-2026 20:31:10.592,640,RECV,AA0083080000000000000000BB
03-16-2026 20:31:10.655,641,RECV,AA0081080000000000000000BBAA0083080000000000000000BBAA0085083FA279BDDF12D5BDBBAA0087080000000000000000BBAA009708FFFFC74200000000BBAA0551056300000002BBAA0083080000000000000000BB
03-16-2026 20:31:11.586,642,RECV,AA0083080000000000000000BBAA0083080000000000000000
03-16-2026 20:31:12.561,643,RECV,BBAA0551056300000002BBAA0083080000000000000000BB
03-16-2026 20:31:12.561,644,RECV,AA0081080000000000000000BBAA0083080000000000000000BBAA008508BEC87DBDFF5AD6BDBBAA0087080000000000000000BBAA009708FFFFC74200000000BBAA0551056300000002BBAA0083080000000000000000BB
03-16-2026 20:31:12.561,645,RECV,AA0083080000000000000000BBAA008308000000
03-16-2026 20:31:12.561,646,RECV,0000000000BBAA0551056300000002BBAA0083080000000000000000BB
03-16-2026 20:31:12.561,647,RECV,AA0081080000000000000000BBAA0083080000000000000000BBAA0085083F3776BD7F1CD6BDBBAA0087080000000000000000BBAA009708FFFFC74200000000BBAA055105630000000DBBAA0083080000000000000000BB
03-16-2026 20:31:12.561,648,RECV,AA0083080000000000000000BB
03-16-2026 20:31:12.561,649,RECV,AA0083080000000000000000BBAA055105630000000DBBAA0083080000000000000000BB
03-16-2026 20:31:12.561,650,RECV,AA0081080000000000000000BBAA0083080000000000000000BBAA008508DF1681BD3F2DCEBDBBAA0087080000000000000000BBAA009708FFFFC74200000000BBAA055105630000000DBBAA0083080000000000000000BB
03-16-2026 20:31:12.561,651,RECV,AA0083080000000000000000BB
03-16-2026 20:31:12.561,652,RECV,AA0083080000000000000000BBAA055105630000000DBBAA0083080000000000000000BB
03-16-2026 20:31:12.561,653,RECV,AA00800803400000ED000000BBAA0082089856504100000000BBAA0084080000000000000000BBAA0086080000000000000000BBAA0088082052BA3C60D26F41BBAA008B0840089C407040B941BBAA008D08F305B74400000000BBAA009708FFFFC74200000000BBAA055105630000000DBB
03-16-2026 20:31:12.561,654,RECV,AA0083080000000000000000BBAA0083080000000000000000BB
03-16-2026 20:31:12.561,655,RECV,AA0083080000000000000000BBAA055105630000000DBB
03-16-2026 20:31:12.561,656,RECV,AA0083080000000000000000BBAA0081080000000000000000BBAA0083080000000000000000BBAA0085089F6E82BDBF77CCBDBBAA0087080000000000000000BB
03-16-2026 20:31:12.561,657,RECV,AA009708FFFFC74200000000BBAA055105630000000DBBAA0083080000000000000000BB
03-16-2026 20:31:12.561,658,RECV,AA0083080000000000000000BBAA0083080000000000000000BBAA055105630000000DBB
03-16-2026 20:31:12.561,659,RECV,AA0083080000000000000000BB
03-16-2026 20:31:12.561,660,RECV,AA0081080000000000000000BBAA0083080000000000000000BBAA008508DF9980BDBF71CDBDBBAA0087080000000000000000BBAA009708FFFFC74200000000BBAA055105630000000DBBAA0083080000000000000000BB
03-16-2026 20:31:12.561,661,RECV,AA0083080000000000000000BBAA0083080000000000000000BBAA0551056300000002BB
03-16-2026 20:31:12.561,662,RECV,AA0083080000000000000000BB
03-16-2026 20:31:12.561,663,RECV,AA0081080000000000000000BBAA0083080000000000000000BBAA0085088F392EBE5F198BBDBBAA0087080000000000000000BBAA009708FFFFC74200000000BBAA0551056300000002BBAA0083080000000000000000BB
03-16-2026 20:31:12.561,664,RECV,AA0083080000000000000000BBAA0083080000000000000000BB
03-16-2026 20:31:12.561,665,RECV,AA0551056300000002BBAA0083080000000000000000BB
03-16-2026 20:31:12.561,666,RECV,AA0081080000000000000000BBAA0083080000000000000000BBAA0085081FD690BDBF47D4BDBBAA0087080000000000000000BBAA009708FFFFC74200000000BBAA0551056300000002BBAA0083080000000000000000BB
03-16-2026 20:31:12.561,667,RECV,AA0083080000000000000000BBAA0083080000000000000000BB
03-16-2026 20:31:12.561,668,RECV,AA0551056300000002BBAA0083080000000000000000BB
03-16-2026 20:31:12.561,669,RECV,AA00800803400000ED05CC2FBBAA008208129C214100000000BBAA0084080000000000000000BBAA0086080000000000000000BBAA008808A068BA3C2CB66F41BBAA008B0840089C407040B941BBAA008D08F305B74400000000BBAA009708FFFFC74200000000BBAA0551056300000002BB
03-16-2026 20:31:12.561,670,RECV,AA0083080000000000000000BBAA0083080000000000000000BB
03-16-2026 20:31:12.561,671,RECV,AA0083080000000000000000BBAA0551056300000002BBAA0083080000000000000000BB
03-16-2026 20:31:12.625,672,RECV,AA0081080000000000000000BBAA0083080000000000000000BBAA0085083FEF84BD5FC8D6BDBBAA0087080000000000000000BBAA009708FFFFC74200000000BB
03-16-2026 20:31:13.450,673,RECV,AA0551056300000002BBAA0083080000000000000000BBAA0083080000000000000000BB
03-16-2026 20:31:13.453,674,RECV,AA0083080000000000000000BBAA0551056300000002BB
03-16-2026 20:31:13.453,675,RECV,AA0083080000000000000000BBAA0081080000000000000000BBAA0083080000000000000000BBAA008508FEED7CBDDF95D4BDBBAA0087080000000000000000BBAA009708FFFFC74200000000BB
03-16-2026 20:31:13.453,676,RECV,AA0551056300000002BBAA0083080000000000000000BBAA0083080000000000000000BB
03-16-2026 20:31:13.453,677,RECV,AA0083080000000000000000BBAA0551056300000002BB
03-16-2026 20:31:13.453,678,RECV,AA0083080000000000000000BBAA0081080000000000000000BBAA0082086384214100000000BBAA0084080000000000000000BBAA0086
03-16-2026 20:31:13.453,679,RECV,080000000000000000BBAA009708FFFFC74200000000BBAA0551056300000002BBAA0083080000000000000000BBAA0083080000000000000000BB
03-16-2026 20:31:13.453,680,RECV,AA0083080000000000000000BBAA0551056300000002BB
03-16-2026 20:31:13.453,681,RECV,AA0083080000000000000000BBAA0081080000000000000000BBAA0083080000000000000000BBAA008408000000000000D4BDBBAA0086080000000000000000BBAA009708
03-16-2026 20:31:13.453,682,RECV,FFFFC74200000000BBAA0551056300000002BBAA0083080000000000000000BB
03-16-2026 20:31:13.453,683,RECV,AA0083080000000000000000BBAA0083080000000000000000BB
03-16-2026 20:31:13.453,684,RECV,AA0551056300000002BBAA0083080000000000000000BB
03-16-2026 20:31:13.453,685,RECV,AA00800803400000ED05CC00BBAA008208044B214100000000BBAA0084080000000000000000BBAA0086080000000000000000BBAA008808605BBC3CB3CA6F41BBAA008B0840089C407040B941BBAA008D08F305B74400000000BBAA008E083B98153D4FB25A00BBAA0551056300000002BBAA0083080000000000000000BB
03-16-2026 20:31:13.517,686,RECV,AA0083080000000000000000BBAA0083080000000000000000BB
03-16-2026 20:31:14.448,687,RECV,AA0551056300000002BBAA0083080000000000000000BB
03-16-2026 20:31:14.453,688,RECV,AA0081080000000000000000BBAA0083080000000000000000BBAA008508BFE079BDFF60D5BDBBAA0087080000000000000000BBAA009708FFFFC74200000000BBAA0551056300000002BBAA0083080000000000000000BB
03-16-2026 20:31:14.453,689,RECV,AA0083080000000000000000BBAA0083080000000000000000BB
03-16-2026 20:31:14.453,690,RECV,AA0551056300000002BBAA0083080000000000000000BB
03-16-2026 20:31:14.453,691,RECV,AA0081080000000000000000BBAA0083080000000000000000BBAA008508FEF97ABDBFB8D6BDBBAA0087080000000000000000BBAA009708FFFFC74200000000BBAA0551056300000002BBAA0083080000000000000000BB
03-16-2026 20:31:14.453,692,RECV,AA0083080000000000000000BB
03-16-2026 20:31:14.453,693,RECV,AA0083080000000000000000BBAA0551056300000002BBAA0083080000000000000000BB
03-16-2026 20:31:14.453,694,RECV,AA0081080000000000000000BBAA0083080000000000000000BBAA0085089F6E82BD9FF9D3BDBBAA0087080000000000000000BBAA009708FFFFC74200000000BB
03-16-2026 20:31:14.453,695,RECV,AA0551056300000002BBAA0083080000000000000000BBAA0083080000000000000000BB
03-16-2026 20:31:14.453,696,RECV,AA0083080000000000000000BBAA0551056300000002BB
03-16-2026 20:31:14.453,697,RECV,AA0083080000000000000000BBAA0081080000000000000000BBAA0083080000000000000000BBAA008508DF0A83BD5FCED5BDBBAA0087080000000000000000BBAA009708FFFFC74200000000BB
03-16-2026 20:31:14.453,698,RECV,AA0551056300000002BBAA0083080000000000000000BBAA0083080000000000000000BB
03-16-2026 20:31:14.453,699,RECV,AA0083080000000000000000BBAA0551056300000002BB
03-16-2026 20:31:14.453,700,RECV,AA0083080000000000000000BB
03-16-2026 20:31:14.469,701,RECV,AA00800803400000ED05CC00BBAA008208FD7A2141FFFF95B8BBAA0084080000000000000000BBAA0086080000000000000000BBAA00880820AABC3C54C56F41BBAA008B0840089C407040B941BBAA008D08F305B74400000000BBAA009708FFFFC74200000000BBAA055105630000000000AA0083080000000000000000BB
03-16-2026 20:31:14.533,702,RECV,AA0083080000000000000000BBAA0551056300000002BB
03-16-2026 20:31:15.376,703,RECV,AA0083080000000000000000BBAA0081080000000000000000BBAA0083080000000000000000BBAA0085083F5A88BD1F38D4BDBBAA0087080000000000000000BB
03-16-2026 20:31:15.385,704,RECV,AA009708FFFFC74200000000BBAA0083080000000002BB0000BB
03-16-2026 20:31:15.385,705,RECV,AA0083080000000000000000BBAA0083080000000000000000BB
03-16-2026 20:31:15.385,706,RECV,AA0551056300000002BBAA0083080000000000000000BB
03-16-2026 20:31:15.386,707,RECV,AA0081080000000000000000BBAA0083080000000000000000BBAA0085085F4F82BDDFFA0000BBAA0087080000000000000000BBAA009708FFFFC74200000000BBAA0083080000000000000000BBAA0551056300000002BB
03-16-2026 20:31:15.386,708,RECV,AA0083080000000000000000BBAA0083080000000000000000BB
03-16-2026 20:31:15.386,709,RECV,AA0551056300000002BBAA0083080000000000000000BB
03-16-2026 20:31:15.386,710,RECV,AA0081080000000000000000BBAA0083080000000000000000BBAA0085083FE46EBDBF7CE0BDBBAA0087080000000000000000BBAA009708FFFFC74200000000BBAA0083080000000000000000BBAA0551056300000002BB
03-16-2026 20:31:15.386,711,RECV,AA0083080000000000000000BB
03-16-2026 20:31:15.386,712,RECV,AA0083080000000000000000BBAA0551056300000002BBAA0083080000000000000000BB
03-16-2026 20:31:15.386,713,RECV,AA0081080000000000000000BBAA0082082B69214100000000BBAA00840800000000000000BDBBAA0086080000000000000000BBAA009708FFFFC74200000000BB
03-16-2026 20:31:15.386,714,RECV,AA0083080000000000000000BBAA0551056300000002BBAA0083080000000000000000BB
03-16-2026 20:31:15.386,715,RECV,AA0083080000000000000000BBAA0551056300000002BBAA0083080000000000000000BB
03-16-2026 20:31:15.423,716,RECV,AA00800803400000ED050000BBAA008208A735214100000000BBAA0084080000000000000000BBAA0086080000000000000000BBAA008808A00EED3FECCA5340BBAA008B0840089C407040B941BBAA008D08F305B74400000000BBAA008E083B98153DA68573B7BB
03-16-2026 20:31:15.487,717,RECV,AA0083080000000000000000BBAA0551056300000002BBAA0083080000000000000000BB
03-16-2026 20:31:16.332,718,RECV,AA0083080000000000000000BBAA0551056300000002BBAA0083080000000000000000BB
03-16-2026 20:31:16.340,719,RECV,AA0081080000000000000000BBAA0083080000000000000000BBAA0085087F2082BDDFADD0BDBBAA0087080000000000000000BBAA009708FFFFC74200000000BB
03-16-2026 20:31:16.340,720,RECV,AA0083080000000000000000BBAA0551056300000002BBAA0083080000000000000000BB
03-16-2026 20:31:16.340,721,RECV,AA0083080000000000000000BBAA0551056300000002BB
03-16-2026 20:31:16.340,722,RECV,AA0083080000000000000000BB
03-16-2026 20:31:16.340,723,RECV,AA0081080000000000000000BBAA0083080000000000000000BBAA008508BF4754BD9FB1DFBDBBAA0087080000000000000000BBAA009708FFFFC74200000000BBAA0083080000000000000000BBAA0551056300000002BB
03-16-2026 20:31:16.340,724,RECV,AA0083080000000000000000BBAA0083080000000000000000BB
03-16-2026 20:31:16.340,725,RECV,AA0551056300000002BBAA0083080000000000000000BBAA0081080000000000000000BBAA0083
03-16-2026 20:31:16.340,726,RECV,080000000000000000BBAA0085089F3E8ABDDF7DD8BDBBAA0087080000000000000000BBAA009708FFFFC74200000000BBAA0083080000000000000000BBAA0551056300000002BB
03-16-2026 20:31:16.340,727,RECV,AA0083080000000000000000BBAA0083080000000000000000BB
03-16-2026 20:31:16.340,728,RECV,AA0551056300000002BBAA0083080000000000000000BB
03-16-2026 20:31:16.340,729,RECV,AA0081080000000000000000BBAA0083080000000000000000BBAA0085083E7E7FBDDF0CD6BDBBAA0087080000000000000000BBAA009708FFFFC74200000000BBAA0083080000000000000000BBAA0551056300000002BB
03-16-2026 20:31:16.340,730,RECV,AA0083080000000000000000BBAA0083080000000000000000BB
03-16-2026 20:31:16.378,731,RECV,AA0551056300000002BBAA0083080000000000000000BB
03-16-2026 20:31:16.442,732,RECV,AA00800803400000ED05CC00BBAA0082080A64214100000000BBAA0084080000000000000000BBAA0086080000000000000000BBAA0088080025BC3CCEC76F41BBAA008B0840089C407040B941BBAA008D08F305B74400000000BBAA009708FFFFC74200000000BBAA0083080000000000000000BBAA0551056300000002BB
03-16-2026 20:31:17.270,733,RECV,AA0083080000000000000000BB
03-16-2026 20:31:17.270,734,RECV,AA0083080000000000000000BBAA0551056300000002BBAA0083080000000000000000BB
03-16-2026 20:31:17.270,735,RECV,AA0081080000000000000000BBAA0083080000000000000000BBAA0085085F4983BD7F9FD500BBAA0087080000000000000000BBAA009708FFFFC74200000000BBAA0083080000000000000000BB
03-16-2026 20:31:17.270,736,RECV,AA0551056300000002BBAA0083080000000000000000BB
03-16-2026 20:31:17.270,737,RECV,AA0083080000000000000000BBAA0551056300000002BBAA0083080000000000000000BB
03-16-2026 20:31:17.270,738,RECV,AA0081080000000000000000BBAA0083080000000000000000BBAA008508FFD06CBD3F0FD3BDBBAA0087080000000000000000BBAA009708FFFFC74200000000BB
03-16-2026 20:31:17.284,739,RECV,AA0083080000000000000000BBAA0551056300000002BBAA0083080000000000000000BB
03-16-2026 20:31:17.284,740,RECV,AA0083080000000000000000BBAA0551056300000002BB
03-16-2026 20:31:17.284,741,RECV,AA0083080000000000000000BBAA0081080000000000000000BBAA0083080000000000000000BBAA0085083FC074BD7FB1D2BDBBAA0087080000000000000000BBAA009708FFFFC74200000000BB
03-16-2026 20:31:17.284,742,RECV,AA0083080000000000000000BBAA0551056300000002BBAA0083080000000000000000BB
03-16-2026 20:31:17.284,743,RECV,AA0083080000000000000000BBAA0551056300000002BB
03-16-2026 20:31:17.284,744,RECV,AA0083080000000000000000BB
03-16-2026 20:31:17.284,745,RECV,AA0081080000000000000000BBAA0083080000000000000000BBAA008508FEED7CBD5FCED5BDBBAA0087080000000000000000BBAA009708FFFFC74200000000BBAA0083080000000000000000BBAA0551056300000002BB
03-16-2026 20:31:17.331,746,RECV,AA0083080000000000000000BBAA0083080000000000000000BB
03-16-2026 20:31:18.274,747,RECV,AA0551056300000002BBAA0083080000000000000000BB
03-16-2026 20:31:18.278,748,RECV,AA00800803400000ED05CC2FBBAA008208AC63214100000000BBAA0084080000000000000000BBAA0086080000000000000000BBAA00880800EABA3CE8B96F41BBAA008B0840089C401C55B941BBAA008D08F305B74400000000BBAA009708FFFFC74200000000BBAA0083080000000000000000BBAA0551056300000002BB
03-16-2026 20:31:18.279,749,RECV,AA0083080000000000000000BBAA0083080000000000000000BB
03-16-2026 20:31:18.279,750,RECV,AA0551056300000002BBAA0083080000000000000000BB
03-16-2026 20:31:18.279,751,RECV,AA0081080000000000000000BBAA0083080000000000000000BBAA0085087F4A78BD3F86D4BDBBAA0087080000000000000000BBAA009708FFFFC74200000000BBAA0083080000000000000000BBAA0551056300000002BB
03-16-2026 20:31:18.279,752,RECV,AA0083080000000000000000BBAA0083080000000000000000BB
03-16-2026 20:31:18.279,753,RECV,AA0551056300000002BBAA0083080000000000000000BB
03-16-2026 20:31:18.279,754,RECV,AA0081080000000000000000BBAA0083080000000000000000BBAA0085087F1A83BDBF4DD3BDBBAA0087080000000000000000BBAA009708FFFFC74200000000BBAA0083080000000000000000BB
03-16-2026 20:31:18.279,755,RECV,AA0551056300000002BBAA0083080000000000000000BB
03-16-2026 20:31:18.279,756,RECV,AA0083080000000000000000BBAA0551056300000002BBAA0083080000000000000000BB
03-16-2026 20:31:18.280,757,RECV,AA0081080000000000000000BBAA0083080000000000000000BBAA008508FFD583BD5F51D5BDBBAA0087080000000000000000BBAA009708FFFFC74200000000BBAA0083080000000000000000BB
03-16-2026 20:31:18.280,758,RECV,AA0551056300000002BBAA0083080000000000000000BB
03-16-2026 20:31:18.280,759,RECV,AA0083080000000000000000BBAA0551056300000002BBAA0083080000000000000000BB
03-16-2026 20:31:18.280,760,RECV,AA0081080000000000000000BBAA0083080000000000000000BBAA0084080000000000000000BBAA0086080000000000000000BBAA009708FFFFC74200000000BB
03-16-2026 20:31:18.284,761,RECV,AA0083080000000000000000BBAA0551056300000002BBAA0083080000000000000000BB
03-16-2026 20:31:18.348,762,RECV,AA0083080000000000000000BB
03-16-2026 20:31:19.287,763,RECV,AA0551056300000002BBAA0083080000000000000000BB
03-16-2026 20:31:19.291,764,RECV,AA00800803400000ED05CC2FBBAA008208D029214100000000BBAA0084080000000000000000BBAA0086080000000000000000BBAA0088084032BA3C0DD06F41BBAA008908F6E5ED3FAFC75340BBAA008C088C6DCC4100000000BBAA008E083B98153D5A5F93B7BBAA0083080000000000000000BBAA0551056300000002BBAA0083080000000000000000BB
03-16-2026 20:31:19.291,765,RECV,AA0083080000000000000000BB
03-16-2026 20:31:19.291,766,RECV,AA0551056300000002BBAA0083080000000000000000BBAA0081080000000000000000BBAA0083080000000000000000BBAA008508FEF97ABDFFE3D4BDBBAA0087080000000000000000BB
03-16-2026 20:31:19.291,767,RECV,AA009708FFFFC74200000000BBAA0083080000000000000000BBAA0551056300000002BB
03-16-2026 20:31:19.291,768,RECV,AA0083080000000000000000BBAA0083080000000000000000BB
03-16-2026 20:31:19.291,769,RECV,AA0551056300000002BBAA0083080000000000000000BB
03-16-2026 20:31:19.291,770,RECV,AA0081080000000000000000BBAA0083080000000000000000BBAA0085087E327CBD9FE7D6BDBBAA0087080000000000000000BBAA009708FFFFC74200000000BBAA0083080000000000000000BBAA05
03-16-2026 20:31:19.291,771,RECV,51056300000002BBAA0083080000000000000000BBAA0083080000000000000000BB
03-16-2026 20:31:19.291,772,RECV,AA055105630000000000
03-16-2026 20:31:19.291,773,RECV,AA0081080000000000000000BBAA0083080000000000000000BBAA008508BFF276BD1F32D5BDBBAA0087080000000000000000BBAA009708FFFFC74200000000BBAA0083080000000000000000BBAA0551056300000002BB
03-16-2026 20:31:19.291,774,RECV,AA0083080000000000000000BBAA0083080000000000000000BB
03-16-2026 20:31:19.291,775,RECV,AA0083080000000002BB0000BB
03-16-2026 20:31:19.291,776,RECV,AA0081080000000000000000BBAA0083080000000000000000BBAA0085083FA279BD5FD4D4BDBBAA0087080000000000000000BBAA009708FFFFC74200000000BBAA0083080000000000000000BB
03-16-2026 20:31:19.300,777,RECV,AA0551056300000002BBAA0083080000000000000000BB
03-16-2026 20:31:19.364,778,RECV,AA0083080000000000000000BBAA0083080000000000000000BBAA0551056300000002BB
